<?xml version="1.0" encoding="UTF-8"?>
<testsuites name="jest tests" tests="1" failures="0" errors="0" time="0.411">
  <testsuite name="Dummy Test" errors="0" failures="0" skipped="0" timestamp="2023-06-30T17:20:57" time="0.369" tests="1">
    <testcase classname="Dummy Test should be ok" name="Dummy Test should be ok" time="0.001">
    </testcase>
  </testsuite>
</testsuites>